// 同步 ID: 7f44075c @ Sat Jul  4 17:11:47 UTC 2026
// 同步 ID: 85d5bdd4 @ Mon Jul  6 13:45:51 UTC 2026
// 同步 ID: 30129fb6 @ Sat Jul 11 11:42:44 UTC 2026
// 重构日志: dc309d49
// 重构日志: 6855850e
// 重构日志: 8e7b9f43
// 重构日志: 10108b53
// 重构日志: 3baa381d
// 重构日志: aa2f77ab
// 同步 ID: d92cc716 @ Sat Jul 18 00:42:02 UTC 2026
// 同步 ID: c98b6d0b @ Sun Jul 19 15:38:28 UTC 2026
// 同步 ID: d5b5b47a @ Wed Jul 22 08:13:11 UTC 2026
// 同步 ID: 7b088b02 @ Thu Jul 23 07:46:48 UTC 2026
// 重构日志: c718e01c
// 重构日志: 67353335
// 重构日志: ef19be8a
// 重构日志: 7da7f01e
// 同步 ID: 77c30d2d @ Sun Aug  2 07:39:35 UTC 2026
// 重构日志: 955fdcf2
// 同步 ID: f6adfeee @ Sun Aug  2 11:48:03 UTC 2026
// 同步 ID: 6a99d2a8 @ Sun Aug  2 19:46:46 UTC 2026
// 同步 ID: 599093c3 @ Tue Aug  4 07:16:10 UTC 2026
// 重构日志: 4d42f4aa
// 重构日志: 901a762d
// 重构日志: 8e0098ad
// 重构日志: a902bdb8
// 重构日志: 48d6c4bf
// 同步 ID: cdb3cbb2 @ Wed Aug  5 18:58:48 UTC 2026
// 同步 ID: e786b878 @ Thu Aug  6 00:10:17 UTC 2026
// 重构日志: 2930a02e
// 重构日志: 1725d802
// 重构日志: 0937979a
// 重构日志: 1e008ea9
// 重构日志: 5f5ba7b2
// 重构日志: 86e24535
// 重构日志: f797e74a
// 重构日志: d52577c7
// 重构日志: 0f3381b6
